2025-03-29 12:09:12,461 - INFO - Парсинг чек-листа: data\Чек-лист.docx
2025-03-29 12:09:12,469 - INFO - Распарсено 8 компетенций
2025-03-29 12:09:12,471 - INFO - Загрузка моделей...
2025-03-29 12:09:17,076 - INFO - Все модели загружены успешно!
2025-03-29 12:09:17,104 - INFO - Запуск сервера FastAPI...
2025-03-29 12:09:17,105 - INFO - Используется устройство: CPU
2025-03-29 12:09:28,211 - INFO - [a249fcb5-0026-4ae5-91e8-0b7f4a7a8c3f] Начало обработки: 2025-03-20 15-24-13 +79173434884.mp3
2025-03-29 12:09:29,712 - INFO - Длительность аудио: 215.64 сек
2025-03-29 12:09:29,930 - WARNING - Паузы > 90% аудио, возможно, файл пустой
2025-03-29 12:09:49,158 - INFO - [a249fcb5-0026-4ae5-91e8-0b7f4a7a8c3f] Распознанный текст:  да это андрей компания винт на репрессо да да сейчас готова вообще-то попал за то что да лучше смот...
2025-03-29 12:09:49,228 - INFO - [a249fcb5-0026-4ae5-91e8-0b7f4a7a8c3f] Тональность: NEGATIVE (0.7510199546813965)
2025-03-29 12:09:49,228 - INFO - Найденные ключевые слова: ['программа', 'каталог', 'ремонт']
2025-03-29 12:09:49,229 - INFO - Итоговый балл: 0
2025-03-29 12:09:49,229 - INFO - [a249fcb5-0026-4ae5-91e8-0b7f4a7a8c3f] Обработка завершена: score=0.0
2025-03-29 12:11:06,713 - INFO - [4294a6b3-4046-40fd-883d-ecff55a7b4a8] Начало обработки: 2025-03-20 15-24-13 +79173434884.mp3
2025-03-29 12:11:06,747 - INFO - Длительность аудио: 215.64 сек
2025-03-29 12:11:06,773 - WARNING - Паузы > 90% аудио, возможно, файл пустой
2025-03-29 12:11:26,321 - INFO - [4294a6b3-4046-40fd-883d-ecff55a7b4a8] Распознанный текст:  да это андрей компания винт на репрессо да да сейчас готова вообще-то попал за то что да лучше смот...
2025-03-29 12:11:26,366 - INFO - [4294a6b3-4046-40fd-883d-ecff55a7b4a8] Тональность: NEGATIVE (0.7510199546813965)
2025-03-29 12:11:26,366 - INFO - Найденные ключевые слова: ['программа', 'каталог', 'ремонт']
2025-03-29 12:11:26,366 - INFO - Итоговый балл: 0
2025-03-29 12:11:26,367 - INFO - [4294a6b3-4046-40fd-883d-ecff55a7b4a8] Обработка завершена: score=0.0
2025-03-29 12:11:29,842 - INFO - [62a50a24-3f40-42f4-980c-56864700884e] Начало обработки: 2025-03-21 13-29-38 +79529820714.mp3
2025-03-29 12:11:29,880 - INFO - Длительность аудио: 239.26 сек
2025-03-29 12:11:29,907 - WARNING - Паузы > 90% аудио, возможно, файл пустой
2025-03-29 12:11:51,391 - INFO - [62a50a24-3f40-42f4-980c-56864700884e] Распознанный текст:  Алло, добрый день. Меня зовут Андрей. Компания Винпин. Звоню по поводу сотрудничества. Каталоги по ...
2025-03-29 12:11:51,444 - INFO - [62a50a24-3f40-42f4-980c-56864700884e] Тональность: NEGATIVE (0.7514635324478149)
2025-03-29 12:11:51,444 - INFO - Найденные ключевые слова: ['программа', 'каталог', 'ремонт']
2025-03-29 12:11:51,445 - INFO - Итоговый балл: 0
2025-03-29 12:11:51,445 - INFO - [62a50a24-3f40-42f4-980c-56864700884e] Обработка завершена: score=0.0
2025-03-29 12:11:55,048 - INFO - [5b87d40d-2d78-45e2-99e5-4b3f795cbe14] Начало обработки: 2025-03-21 14-51-15 +79113824717.mp3
2025-03-29 12:11:55,074 - INFO - Длительность аудио: 163.22 сек
2025-03-29 12:11:55,092 - WARNING - Паузы > 90% аудио, возможно, файл пустой
2025-03-29 12:12:20,446 - INFO - [5b87d40d-2d78-45e2-99e5-4b3f795cbe14] Распознанный текст:  Алло. Алло, здравствуйте, автосервис. Допустим. Из компании Винопен, звание у меня Диана, зовут. По...
2025-03-29 12:12:20,496 - INFO - [5b87d40d-2d78-45e2-99e5-4b3f795cbe14] Тональность: NEGATIVE (0.7514553666114807)
2025-03-29 12:12:20,497 - INFO - Найденные ключевые слова: ['каталог', 'ремонт']
2025-03-29 12:12:20,497 - INFO - Итоговый балл: 0
2025-03-29 12:12:20,497 - INFO - [5b87d40d-2d78-45e2-99e5-4b3f795cbe14] Обработка завершена: score=0.0
2025-03-29 12:12:42,692 - INFO - [1e218ddd-f722-472b-90be-ef645bd3e1a6] Начало обработки: 2025-03-24 14-19-04 +79223210910.mp3
2025-03-29 12:12:42,719 - INFO - Длительность аудио: 174.60 сек
2025-03-29 12:12:42,740 - WARNING - Паузы > 90% аудио, возможно, файл пустой
2025-03-29 12:13:07,804 - INFO - [1e218ddd-f722-472b-90be-ef645bd3e1a6] Распознанный текст:  Да. Алло, здравствуйте, компания Винопен, Диана. Подскажите, у вас-то сервис дозвонился? Да. Угу. У...
2025-03-29 12:13:07,870 - INFO - [1e218ddd-f722-472b-90be-ef645bd3e1a6] Тональность: NEGATIVE (0.7515411376953125)
2025-03-29 12:13:07,870 - INFO - Найденные ключевые слова: ['программа', 'ремонт']
2025-03-29 12:13:07,870 - INFO - Итоговый балл: 0
2025-03-29 12:13:07,870 - INFO - [1e218ddd-f722-472b-90be-ef645bd3e1a6] Обработка завершена: score=0.0
2025-03-29 12:13:22,252 - INFO - [a44b1aea-9efb-40e6-aab6-7db4fd5c4bdf] Начало обработки: 2025-03-25 13-22-50 +79133105920.mp3
2025-03-29 12:13:22,282 - INFO - Длительность аудио: 188.78 сек
2025-03-29 12:13:22,303 - WARNING - Паузы > 90% аудио, возможно, файл пустой
2025-03-29 12:13:50,698 - INFO - [a44b1aea-9efb-40e6-aab6-7db4fd5c4bdf] Распознанный текст:  Алло. Друзья, я слушаю. Здравствуйте, меня зовут Ася, я менеджер компании Винпин каталоги по подбор...
2025-03-29 12:13:50,762 - INFO - [a44b1aea-9efb-40e6-aab6-7db4fd5c4bdf] Тональность: NEUTRAL (0.7662094831466675)
2025-03-29 12:13:50,762 - INFO - Найденные ключевые слова: ['каталог', 'ремонт']
2025-03-29 12:13:50,762 - INFO - Итоговый балл: 0
2025-03-29 12:13:50,762 - INFO - [a44b1aea-9efb-40e6-aab6-7db4fd5c4bdf] Обработка завершена: score=0.0
2025-03-29 12:13:57,332 - INFO - [d3b0ab45-fe11-4b36-8a1f-f7baff24342a] Начало обработки: 2025-03-10 09-03-23 +79143232053.mp3
2025-03-29 12:13:57,359 - INFO - Длительность аудио: 168.84 сек
2025-03-29 12:13:57,377 - WARNING - Паузы > 90% аудио, возможно, файл пустой
2025-03-29 12:14:16,095 - INFO - [d3b0ab45-fe11-4b36-8a1f-f7baff24342a] Распознанный текст:  Да, Вадим, здравствуйте. Это Ольга Винпин по каталогам. Удобно? Да. Да, я хотела узнать, как вы в и...
2025-03-29 12:14:16,142 - INFO - [d3b0ab45-fe11-4b36-8a1f-f7baff24342a] Тональность: NEGATIVE (0.7514474987983704)
2025-03-29 12:14:16,142 - INFO - Найденные ключевые слова: ['каталог']
2025-03-29 12:14:16,143 - INFO - Итоговый балл: 0
2025-03-29 12:14:16,143 - INFO - [d3b0ab45-fe11-4b36-8a1f-f7baff24342a] Обработка завершена: score=0.0
2025-03-29 12:14:20,506 - INFO - [c8f35465-99e3-4b59-9b85-e85c978732de] Начало обработки: 2025-03-19 09-43-47 +375291290705.mp3
2025-03-29 12:14:20,525 - INFO - Длительность аудио: 120.96 сек
2025-03-29 12:14:20,539 - WARNING - Паузы > 90% аудио, возможно, файл пустой
2025-03-29 12:14:46,621 - INFO - [c8f35465-99e3-4b59-9b85-e85c978732de] Распознанный текст:  Алло. Алло, здравствуйте. Андрей. Добрый день. Добрый день, Андрей. Это Диана, компания WinOpen. Во...
2025-03-29 12:14:46,691 - INFO - [c8f35465-99e3-4b59-9b85-e85c978732de] Тональность: NEUTRAL (0.8161922693252563)
2025-03-29 12:14:46,691 - INFO - Найденные ключевые слова: []
2025-03-29 12:14:46,692 - INFO - Итоговый балл: 0
2025-03-29 12:14:46,692 - INFO - [c8f35465-99e3-4b59-9b85-e85c978732de] Обработка завершена: score=0.0
2025-03-29 12:15:11,251 - INFO - [aef42831-148a-402e-9031-fb0ac73c9555] Начало обработки: 2025-03-21 14-18-02 +79260936538.mp3
2025-03-29 12:15:11,276 - INFO - Длительность аудио: 152.78 сек
2025-03-29 12:15:11,292 - WARNING - Паузы > 90% аудио, возможно, файл пустой
2025-03-29 12:15:33,058 - INFO - [aef42831-148a-402e-9031-fb0ac73c9555] Распознанный текст:  Алло, Василий? Да, здравствуйте. Здравствуйте. Как вы программу смотрели? Да, да, посмотрел в тот ж...
2025-03-29 12:15:33,120 - INFO - [aef42831-148a-402e-9031-fb0ac73c9555] Тональность: POSITIVE (0.5740000009536743)
2025-03-29 12:15:33,121 - INFO - Найденные ключевые слова: []
2025-03-29 12:15:33,121 - INFO - Итоговый балл: 0
2025-03-29 12:15:33,121 - INFO - [aef42831-148a-402e-9031-fb0ac73c9555] Обработка завершена: score=0.0
2025-03-29 12:15:43,088 - INFO - [8c93e805-d718-4d43-8670-a98ed51501ef] Начало обработки: MToxMDIyNTI3NTo1NTI6MzMxOTcxOTE5.mp3
2025-03-29 12:15:43,124 - INFO - Длительность аудио: 231.48 сек
2025-03-29 12:15:43,149 - WARNING - Паузы > 90% аудио, возможно, файл пустой
2025-03-29 12:15:49,052 - INFO - [8c93e805-d718-4d43-8670-a98ed51501ef] Распознанный текст:  Алло...
2025-03-29 12:15:49,075 - INFO - [8c93e805-d718-4d43-8670-a98ed51501ef] Тональность: NEGATIVE (0.7516252398490906)
2025-03-29 12:15:49,075 - INFO - Найденные ключевые слова: []
2025-03-29 12:15:49,075 - INFO - Итоговый балл: 0
2025-03-29 12:15:49,075 - INFO - [8c93e805-d718-4d43-8670-a98ed51501ef] Обработка завершена: score=0.0
2025-03-29 12:15:58,470 - INFO - [c8f1e7ed-2bef-44f0-b9e4-e25d5f9ca9fa] Начало обработки: MToxMDIyNTI3NTo1Nzg6NTQ2MTgzOTA.mp3
2025-03-29 12:15:58,492 - INFO - Длительность аудио: 139.68 сек
2025-03-29 12:15:58,508 - WARNING - Паузы > 90% аудио, возможно, файл пустой
2025-03-29 12:16:19,679 - INFO - [c8f1e7ed-2bef-44f0-b9e4-e25d5f9ca9fa] Распознанный текст:  Алло. Алло. Да, Андрей, здравствуйте. Это вот Валерия. Здравствуйте. Из Винпин-компании. Вводу прог...
2025-03-29 12:16:19,739 - INFO - [c8f1e7ed-2bef-44f0-b9e4-e25d5f9ca9fa] Тональность: NEGATIVE (0.7514498829841614)
2025-03-29 12:16:19,739 - INFO - Найденные ключевые слова: []
2025-03-29 12:16:19,739 - INFO - Итоговый балл: 0
2025-03-29 12:16:19,739 - INFO - [c8f1e7ed-2bef-44f0-b9e4-e25d5f9ca9fa] Обработка завершена: score=0.0
